>test1_0 HWI-ST753:99:C038WACXX:4:1101:1252:1987 1:N:0: orig_bc=TCGTCGATAATC new_bc=TCGTCGATAATC bc_diffs=0
AACGGAGGGTGCGAGCGTTGTCCGGAATCATTGGGCGTAAAGGGCGCGTAGGTGGCCCGGTCAGCGTGCGGTGACAGCTCGGCGCTCAACCACGAGTAGGAACGGAGGGTGCGAGCGTTGTCCGGAATCATTGGGCGTAAAGGGCGCGTAGGTGGCCCGGTCAGCGTGCGGTGACAGCTCGGCGCTCAACCACGAGTAGG
